[www.odopod.com/index.html]
[backblue.gif]
[fade.gif]
[index.html]
[www.odopod.com/assets/images/culture/culture-carousel01-01-2x1-md.jpg]
[www.odopod.com/assets/favicons/apple-touch-icon.png]
[www.odopod.com/assets/favicons/favicon-32x32.png]
[www.odopod.com/assets/favicons/favicon-16x16.png]
[www.odopod.com/assets/favicons/manifest.json]
[www.odopod.com/assets/favicons/safari-pinned-tab.svg]
[www.odopod.com/assets/favicons/favicon.ico]
[www.odopod.com/assets/favicons/browserconfig.xml]
[www.odopod.com/css/critical.b09fe7016198440d7b41.css]
[www.odopod.com/css/common.b0ffb42f9f25a59ad14b.css]
[www.odopod.com/case-studies.html]
[www.odopod.com/offerings.html]
[www.odopod.com/news.html]
[www.odopod.com/case-studies/sephora-collection.html]
[www.odopod.com/case-studies/hennessy.html]
[www.odopod.com/case-studies/tesla-motors.html]
[www.odopod.com/assets/images/homepage/home-links-01-xs.png]
[www.odopod.com/assets/images/homepage/home-links-02-xs.png]
[www.odopod.com/js/shim.min.js]
[www.odopod.com/js/runtime.93aecad0c774b58c5c03.js]
[www.odopod.com/js/common.e5fcfed3d600752e0a7c.js]
[www.odopod.com/js/index.d2c7eca83f69cf5fbd34.js]
[www.odopod.com/index.html]
[www.odopod.com/assets/favicons/safari-pinned-tab.svg]
[www.odopod.com/sw.js]
[www.odopod.com/assets/fonts/MarkWeb.woff2]
[www.odopod.com/assets/fonts/MarkWeb.woff]
[www.odopod.com/assets/fonts/MarkWeb-Bold.woff2]
[www.odopod.com/assets/fonts/MarkWeb-Bold.woff]
[www.odopod.com/css/critical.b09fe7016198440d7b41.css]
[www.odopod.com/css/common.b0ffb42f9f25a59ad14b.css]
[www.odopod.com/css/index.aebbedaa2d45af1fca9e.css]
[www.odopod.com/case-studies/hawaiian.html]
[www.odopod.com/case-studies/ps-vue.html]
[www.odopod.com/case-studies/49ers-levis-stadium.html]
[www.odopod.com/case-studies/samsung-s-health.html]
[www.odopod.com/case-studies/ea-origin.html]
[www.odopod.com/js/case-studies.8412dec3c327819aa67d.js]
[www.odopod.com/case-studies.html]
[www.odopod.com/css/offerings.1d3986f198230bb621e3.css]
[www.odopod.com/assets/images/offerings/offerings-01-xs.jpg]
[www.odopod.com/assets/images/offerings/offerings-02-xs.png]
[www.odopod.com/assets/images/offerings/offerings-03-xs.png]
[www.odopod.com/assets/images/offerings/offerings-04-xs.jpg]
[www.odopod.com/assets/images/awards/webby.svg]
[www.odopod.com/assets/images/awards/commarts.svg]
[www.odopod.com/assets/images/awards/fwa.svg]
[www.odopod.com/assets/images/awards/awwwards.svg]
[www.odopod.com/assets/images/awards/oneshow.svg]
[www.odopod.com/offerings.html]
[www.odopod.com/js/offerings.9d9cfb96cef039e80b09.js]
[www.odopod.com/news/employee-spotlight-dan.html]
[www.odopod.com/news/judging-the-adaa.html]
[www.odopod.com/news/run-ragnar.html]
[www.odopod.com/news/code-library.html]
[www.odopod.com/news/diversity.html]
[www.odopod.com/js/news.20f276a1820f98b7ea4f.js]
[www.odopod.com/news.html]
[www.odopod.com/css/case-studies/template.a555de3df21e584cecf5.css]
[www.odopod.com/case-studies/sephora-collection.html]
[www.odopod.com/js/case-studies/template.404afca7470113a9f144.js]
[www.odopod.com/assets/images/video-player/videoFrame-web-desktop-xs.png]
[www.odopod.com/case-studies/hennessy.html]
[www.odopod.com/assets/images/video-player/videoFrame-tv-tesla-xs.png]
[www.odopod.com/case-studies/tesla-motors.html]
[www.odopod.com/css/case-studies.192acd519ac133d4fc58.css]
[www.odopod.com/case-studies/hawaiian.html]
[www.odopod.com/assets/images/video-player/videoFrame-tv-xs.png]
[www.odopod.com/case-studies/ps-vue.html]
[www.odopod.com/case-studies/49ers-levis-stadium.html]
[www.odopod.com/case-studies/samsung-s-health.html]
[www.odopod.com/case-studies/ea-origin.html]
[www.odopod.com/css/offerings.1d3986f198230bb621e3.css]
[www.odopod.com/assets/images/awards/webby.svg]
[www.odopod.com/assets/images/awards/commarts.svg]
[www.odopod.com/assets/images/awards/fwa.svg]
[www.odopod.com/assets/images/awards/cssawards.svg]
[www.odopod.com/assets/images/awards/awwwards.svg]
[www.odopod.com/assets/images/awards/oneshow.svg]
[www.odopod.com/css/news.1396723f689cda093b61.css]
[www.odopod.com/js/news/template.815e6b983e366bcfead2.js]
[www.odopod.com/news/employee-spotlight-dan.html]
[www.odopod.com/news/judging-the-adaa.html]
[www.odopod.com/news/run-ragnar.html]
[www.odopod.com/news/code-library.html]
[www.odopod.com/news/diversity.html]
[www.odopod.com/css/case-studies/template.a555de3df21e584cecf5.css]
[www.odopod.com/css/news/template.4178b11c3b4e8fc2c7b3.css]
[code.odopod.com/index.html]
[code.odopod.com/assets/preview.png]
[code.odopod.com/manifest.json]
[code.odopod.com/favicon.ico]
[code.odopod.com/apple-touch-icon.png]
[code.odopod.com/favicon-32x32.png]
[code.odopod.com/favicon-16x16.png]
[code.odopod.com/safari-pinned-tab.svg]
[code.odopod.com/demo.css]
[code.odopod.com/main.css]
[code.odopod.com/assets/github-icon.svg]
[code.odopod.com/odo-affix/index.html]
[code.odopod.com/odo-base-component/index.html]
[code.odopod.com/odo-background-video/index.html]
[code.odopod.com/odo-carousel/index.html]
[code.odopod.com/node_modules/babel-polyfill/dist/polyfill.min.js]
[code.odopod.com/node_modules/shufflejs/dist/shuffle.min.js]
[code.odopod.com/odo-device/index.html]
[code.odopod.com/odo-dialog/index.html]
[code.odopod.com/odo-dropdown/index.html]
[code.odopod.com/odo-draggable/index.html]
[code.odopod.com/index.js]
[code.odopod.com/index.html]
[code.odopod.com/odo-expandable/index.html]
[code.odopod.com/odo-dual-viewer/index.html]
[code.odopod.com/odo-helpers/index.html]
[code.odopod.com/odo-hotspots/index.html]
[code.odopod.com/odo-module/index.html]
[code.odopod.com/safari-pinned-tab.svg]
[code.odopod.com/odo-object-fit/index.html]
[code.odopod.com/odo-on-swipe/index.html]
[code.odopod.com/odo-pointer/index.html]
[code.odopod.com/odo-responsive-attributes/index.html]
[code.odopod.com/demo.css]
[code.odopod.com/odo-responsive-classes/index.html]
[code.odopod.com/odo-responsive-images/index.html]
[code.odopod.com/odo-reveal/index.html]
[code.odopod.com/odo-sassplate/index.html]
[code.odopod.com/main.css]
[code.odopod.com/odo-scroll-feedback/index.html]
[code.odopod.com/odo-scroll-animation/index.html]
[code.odopod.com/odo-share/index.html]
[code.odopod.com/odo-sticky-headers/index.html]
[code.odopod.com/odo-affix/styles/demo.css]
[code.odopod.com/odo-tabs/index.html]
[code.odopod.com/odo-tap/index.html]
[code.odopod.com/odo-video/index.html]
[code.odopod.com/odo-viewport/index.html]
[code.odopod.com/odo-window-events/index.html]
[code.odopod.com/odo-scroll-animation/dist/odo-scroll-animation.js]
[code.odopod.com/odo-window-events/dist/odo-window-events.js]
[code.odopod.com/odo-affix/dist/odo-affix.js]
[code.odopod.com/odo-affix/scripts/demo.js]
[code.odopod.com/odo-affix/index.html]
[code.odopod.com/assets/github-icon.svg]
[code.odopod.com/odo-background-video/styles/demo.css]
[code.odopod.com/odo-background-video/css/odo-background-video.css]
[code.odopod.com/odo-responsive-images/css/odo-responsive-images.css]
[code.odopod.com/odo-video/css/odo-video.css]
[code.odopod.com/node_modules/picturefill/dist/picturefill.min.js]
[code.odopod.com/node_modules/screenfull/dist/screenfull.js]
[code.odopod.com/odo-object-fit/dist/odo-object-fit.js]
[code.odopod.com/odo-viewport/dist/odo-viewport.js]
[code.odopod.com/odo-responsive-images/dist/odo-responsive-images.js]
[code.odopod.com/odo-video/dist/odo-video.js]
[code.odopod.com/odo-background-video/dist/odo-background-video.js]
[code.odopod.com/odo-background-video/scripts/demo.js]
[code.odopod.com/odo-background-video/index.html]
[code.odopod.com/node_modules/tiny-emitter/dist/tinyemitter.min.js]
[code.odopod.com/odo-base-component/dist/odo-base-component.js]
[code.odopod.com/odo-base-component/scripts/demo.js]
[code.odopod.com/odo-base-component/index.html]
[code.odopod.com/odo-carousel/styles/demo.css]
[code.odopod.com/odo-carousel/css/odo-carousel.css]
[code.odopod.com/odo-carousel/css/odo-carousel-theme.css]
[code.odopod.com/node_modules/classlist.js/classList.min.js]
[code.odopod.com/node_modules/element-closest/element-closest.js]
[code.odopod.com/odo-device/dist/odo-device.min.js]
[code.odopod.com/odo-helpers/dist/odo-helpers.min.js]
[code.odopod.com/odo-pointer/dist/odo-pointer.min.js]
[code.odopod.com/odo-draggable/dist/odo-draggable.min.js]
[code.odopod.com/odo-carousel/dist/odo-carousel.js]
[code.odopod.com/odo-carousel/scripts/demo.js]
[code.odopod.com/odo-carousel/index.html]
[code.odopod.com/odo-device/dist/odo-device.js]
[code.odopod.com/odo-device/scripts/demo.js]
[code.odopod.com/odo-device/index.html]
[code.odopod.com/odo-dialog/styles/demo.css]
[code.odopod.com/odo-dialog/css/odo-dialog.css]
[code.odopod.com/odo-dialog/scripts/demo.js]
[code.odopod.com/odo-dialog/dist/odo-dialog.js]
[code.odopod.com/odo-dialog/index.html]
[code.odopod.com/odo-draggable/styles/demo.css]
[code.odopod.com/odo-draggable/css/odo-draggable.css]
[code.odopod.com/odo-draggable/dist/odo-draggable.js]
[code.odopod.com/odo-draggable/scripts/demo.js]
[code.odopod.com/odo-draggable/index.html]
[code.odopod.com/odo-dropdown/styles/demo.css]
[code.odopod.com/odo-dropdown/css/odo-dropdown.css]
[code.odopod.com/odo-helpers/dist/odo-helpers.js]
[code.odopod.com/odo-dropdown/dist/odo-dropdown.js]
[code.odopod.com/odo-dropdown/scripts/demo.js]
[code.odopod.com/odo-dropdown/index.html]
[code.odopod.com/odo-dual-viewer/css/odo-dual-viewer.css]
[code.odopod.com/odo-dual-viewer/css/odo-dual-viewer-theme.css]
[code.odopod.com/odo-dual-viewer/styles/odo-dual-viewer.css]
[code.odopod.com/odo-window-events/dist/odo-window-events.min.js]
[code.odopod.com/odo-object-fit/dist/odo-object-fit.min.js]
[code.odopod.com/odo-dual-viewer/dist/odo-dual-viewer.js]
[code.odopod.com/odo-dual-viewer/scripts/demo.js]
[code.odopod.com/odo-dual-viewer/index.html]
[code.odopod.com/odo-expandable/styles/demo.css]
[code.odopod.com/odo-expandable/dist/odo-expandable.js]
[code.odopod.com/odo-expandable/scripts/demo.js]
[code.odopod.com/odo-expandable/index.html]
[code.odopod.com/odo-helpers/styles/demo.css]
[code.odopod.com/odo-helpers/styles/theme.css]
[code.odopod.com/odo-helpers/scripts/demo.js]
[code.odopod.com/odo-helpers/index.html]
[code.odopod.com/odo-hotspots/styles/demo.css]
[code.odopod.com/odo-hotspots/css/odo-hotspots.css]
[code.odopod.com/odo-hotspots/css/odo-hotspots-theme.css]
[code.odopod.com/odo-hotspots/scripts/raf.js]
[code.odopod.com/odo-hotspots/dist/odo-hotspots.js]
[code.odopod.com/odo-hotspots/scripts/demo.js]
[code.odopod.com/odo-hotspots/index.html]
[code.odopod.com/odo-module/dist/odo-module.js]
[code.odopod.com/odo-module/scripts/demo.js]
[code.odopod.com/odo-module/index.html]
[code.odopod.com/odo-object-fit/styles/demo.css]
[code.odopod.com/odo-object-fit/scripts/demo.js]
[code.odopod.com/odo-object-fit/index.html]
[code.odopod.com/odo-on-swipe/dist/odo-on-swipe.min.js]
[code.odopod.com/odo-on-swipe/scripts/demo.js]
[code.odopod.com/odo-on-swipe/index.html]
[code.odopod.com/odo-pointer/styles/demo.css]
[code.odopod.com/odo-pointer/dist/odo-pointer.js]
[code.odopod.com/odo-pointer/scripts/demo.js]
[code.odopod.com/odo-pointer/index.html]
[code.odopod.com/odo-responsive-attributes/dist/odo-responsive-attributes.js]
[code.odopod.com/odo-responsive-attributes/scripts/demo.js]
[code.odopod.com/odo-responsive-attributes/index.html]
[code.odopod.com/odo-responsive-classes/dist/odo-responsive-classes.js]
[code.odopod.com/odo-responsive-classes/scripts/demo.js]
[code.odopod.com/odo-responsive-classes/index.html]
[code.odopod.com/odo-responsive-images/styles/demo.css]
[code.odopod.com/odo-responsive-images/scripts/raf.js]
[code.odopod.com/odo-responsive-images/scripts/demo.js]
[code.odopod.com/odo-responsive-images/index.html]
[code.odopod.com/odo-reveal/styles/demo.css]
[code.odopod.com/odo-reveal/css/odo-reveal.css]
[code.odopod.com/odo-viewport/dist/odo-viewport.min.js]
[code.odopod.com/odo-responsive-images/dist/odo-responsive-images.min.js]
[code.odopod.com/odo-reveal/dist/odo-reveal.js]
[code.odopod.com/odo-reveal/scripts/demo.js]
[code.odopod.com/odo-reveal/index.html]
[code.odopod.com/odo-sassplate/styles.css]
[code.odopod.com/odo-sassplate/css/docs.css]
[code.odopod.com/odo-sassplate/grid.html]
[code.odopod.com/odo-sassplate/colors.html]
[code.odopod.com/odo-sassplate/typography.html]
[code.odopod.com/odo-sassplate/ui-components.html]
[code.odopod.com/odo-sassplate/css-utilities.html]
[code.odopod.com/odo-sassplate/index.html]
[code.odopod.com/odo-sassplate/js/docs.js]
[code.odopod.com/odo-scroll-animation/styles/demo.css]
[code.odopod.com/odo-scroll-animation/scripts/raf.js]
[code.odopod.com/odo-scroll-animation/dist/odo-scroll-animation.min.js]
[code.odopod.com/odo-scroll-animation/scripts/demo.js]
[code.odopod.com/odo-scroll-animation/index.html]
[code.odopod.com/odo-scroll-feedback/styles/demo.css]
[code.odopod.com/odo-scroll-feedback/dist/odo-scroll-feedback.js]
[code.odopod.com/odo-scroll-feedback/scripts/demo.js]
[code.odopod.com/odo-scroll-feedback/index.html]
[code.odopod.com/odo-share/dist/odo-share.js]
[code.odopod.com/odo-share/scripts/demo.js]
[code.odopod.com/odo-share/index.html]
[code.odopod.com/odo-sticky-headers/styles/demo.css]
[code.odopod.com/odo-sticky-headers/dist/odo-sticky-headers.js]
[code.odopod.com/odo-sticky-headers/scripts/demo.js]
[code.odopod.com/odo-sticky-headers/index.html]
[code.odopod.com/odo-tabs/css/odo-tabs.css]
[code.odopod.com/odo-tabs/css/odo-tabs-theme.css]
[code.odopod.com/odo-tabs/dist/odo-tabs.js]
[code.odopod.com/odo-tabs/scripts/demo.js]
[code.odopod.com/odo-tabs/index.html]
[code.odopod.com/odo-tap/styles/demo.css]
[code.odopod.com/odo-tap/dist/odo-tap.js]
[code.odopod.com/odo-tap/scripts/demo.js]
[code.odopod.com/odo-tap/index.html]
[code.odopod.com/odo-video/scripts/demo.js]
[code.odopod.com/odo-video/index.html]
[code.odopod.com/odo-viewport/styles/demo.css]
[code.odopod.com/odo-viewport/scripts/raf.js]
[code.odopod.com/odo-viewport/scripts/demo.js]
[code.odopod.com/odo-viewport/index.html]
[code.odopod.com/odo-window-events/styles/demo.css]
[code.odopod.com/odo-window-events/scripts/demo.js]
[code.odopod.com/odo-window-events/index.html]
[code.odopod.com/odo-affix/styles/demo.css]
[code.odopod.com/odo-affix/styles/theme.css]
[code.odopod.com/odo-background-video/styles/demo.css]
[code.odopod.com/odo-background-video/css/odo-background-video.css]
[code.odopod.com/odo-responsive-images/css/odo-responsive-images.css]
[code.odopod.com/odo-video/css/odo-video.css]
[code.odopod.com/odo-base-component/styles/demo.css]
[code.odopod.com/odo-carousel/styles/demo.css]
[code.odopod.com/odo-carousel/css/odo-carousel.css]
[code.odopod.com/odo-carousel/css/odo-carousel-theme.css]
[code.odopod.com/odo-dialog/styles/demo.css]
[code.odopod.com/odo-dialog/css/odo-dialog.css]
[code.odopod.com/odo-draggable/styles/demo.css]
[code.odopod.com/odo-draggable/css/odo-draggable.css]
[code.odopod.com/odo-dropdown/styles/demo.css]
[code.odopod.com/odo-dropdown/css/odo-dropdown.css]
[code.odopod.com/odo-dual-viewer/styles/demo.css]
[code.odopod.com/odo-dual-viewer/css/odo-dual-viewer.css]
[code.odopod.com/odo-dual-viewer/css/odo-dual-viewer-theme.css]
[code.odopod.com/odo-dual-viewer/styles/odo-dual-viewer.html]
[code.odopod.com/odo-expandable/styles/demo.css]
[code.odopod.com/odo-helpers/styles/helpers.css]
[code.odopod.com/odo-helpers/styles/demo.css]
[code.odopod.com/odo-helpers/styles/theme.css]
[code.odopod.com/odo-hotspots/styles/demo.css]
[code.odopod.com/odo-hotspots/css/odo-hotspots.css]
[code.odopod.com/odo-hotspots/css/odo-hotspots-theme.css]
[code.odopod.com/odo-module/styles/demo.css]
[code.odopod.com/odo-object-fit/styles/demo.css]
[code.odopod.com/odo-on-swipe/styles/demo.css]
[code.odopod.com/odo-pointer/styles/demo.css]
[code.odopod.com/odo-responsive-attributes/styles/demo.css]
[code.odopod.com/odo-responsive-classes/styles/demo.css]
[code.odopod.com/odo-responsive-images/styles/demo.css]
[code.odopod.com/odo-reveal/styles/demo.css]
[code.odopod.com/odo-reveal/css/odo-reveal.css]
[code.odopod.com/odo-sassplate/styles.css]
[code.odopod.com/odo-sassplate/css/docs.css]
[code.odopod.com/odo-sassplate/index-2.html]
[code.odopod.com/odo-sassplate/grid.html]
[code.odopod.com/odo-sassplate/colors.html]
[code.odopod.com/odo-sassplate/typography.html]
[code.odopod.com/odo-sassplate/ui-components.html]
[code.odopod.com/odo-sassplate/css-utilities.html]
[code.odopod.com/odo-scroll-animation/styles/demo.css]
[code.odopod.com/odo-scroll-feedback/styles/demo.css]
[code.odopod.com/odo-share/styles/demo.css]
[code.odopod.com/odo-sticky-headers/styles/demo.css]
[code.odopod.com/odo-tabs/styles/demo.css]
[code.odopod.com/odo-tabs/css/odo-tabs.css]
[code.odopod.com/odo-tabs/css/odo-tabs-theme.css]
[code.odopod.com/odo-tap/styles/demo.css]
[code.odopod.com/odo-video/styles/demo.css]
[code.odopod.com/odo-viewport/styles/demo.css]
[code.odopod.com/odo-window-events/styles/demo.css]
[code.odopod.com/odo-sassplate/index-2.html]
